C:\Users\superman\Documents\TylerBondGithub\ecen427\SpaceInvaders\implementation\system.ngc 1504902056
C:/Users/superman/Documents/TylerBondGithub/ecen427/SpaceInvaders/implementation/push_buttons_5bits_wrapper.ngc 1504902008
C:/Users/superman/Documents/TylerBondGithub/ecen427/SpaceInvaders/implementation/dip_switches_8bits_wrapper.ngc 1504902026
C:/Users/superman/Documents/TylerBondGithub/ecen427/SpaceInvaders/implementation/rs232_uart_1_wrapper.ngc 1504901999
C:/Users/superman/Documents/TylerBondGithub/ecen427/SpaceInvaders/implementation/proc_sys_reset_0_wrapper.ngc 1504901896
C:/Users/superman/Documents/TylerBondGithub/ecen427/SpaceInvaders/implementation/clock_generator_0_wrapper.ngc 1504902041
C:/Users/superman/Documents/TylerBondGithub/ecen427/SpaceInvaders/implementation/microblaze_0_ilmb_wrapper.ngc 1504902031
C:/Users/superman/Documents/TylerBondGithub/ecen427/SpaceInvaders/implementation/microblaze_0_dlmb_wrapper.ngc 1504902035
C:/Users/superman/Documents/TylerBondGithub/ecen427/SpaceInvaders/implementation/axi4lite_0_wrapper.ngc 1504902044
C:/Users/superman/Documents/TylerBondGithub/ecen427/SpaceInvaders/implementation/microblaze_0_wrapper.ngc 1504902038
C:/Users/superman/Documents/TylerBondGithub/ecen427/SpaceInvaders/implementation/microblaze_0_i_bram_ctrl_wrapper.ngc 1504901907
C:/Users/superman/Documents/TylerBondGithub/ecen427/SpaceInvaders/implementation/microblaze_0_d_bram_ctrl_wrapper.ngc 1504901916
C:/Users/superman/Documents/TylerBondGithub/ecen427/SpaceInvaders/implementation/debug_module_wrapper.ngc 1504901977
C:/Users/superman/Documents/TylerBondGithub/ecen427/SpaceInvaders/implementation/leds_8bits_wrapper.ngc 1504902016
C:/Users/superman/Documents/TylerBondGithub/ecen427/SpaceInvaders/implementation/microblaze_0_bram_block_wrapper.ngc 1504901921
OK
