C:\Users\superman\Documents\TylerBondGithub\ecen427\RealTimeClock\implementation\system.ngc 1505502634
C:/Users/superman/Documents/TylerBondGithub/ecen427/RealTimeClock/implementation/push_buttons_5bits_wrapper.ngc 1505502584
C:/Users/superman/Documents/TylerBondGithub/ecen427/RealTimeClock/implementation/dip_switches_8bits_wrapper.ngc 1505502602
C:/Users/superman/Documents/TylerBondGithub/ecen427/RealTimeClock/implementation/rs232_uart_1_wrapper.ngc 1505502574
C:/Users/superman/Documents/TylerBondGithub/ecen427/RealTimeClock/implementation/proc_sys_reset_0_wrapper.ngc 1505502466
C:/Users/superman/Documents/TylerBondGithub/ecen427/RealTimeClock/implementation/clock_generator_0_wrapper.ngc 1505502619
C:/Users/superman/Documents/TylerBondGithub/ecen427/RealTimeClock/implementation/microblaze_0_ilmb_wrapper.ngc 1505502611
C:/Users/superman/Documents/TylerBondGithub/ecen427/RealTimeClock/implementation/microblaze_0_dlmb_wrapper.ngc 1505502613
C:/Users/superman/Documents/TylerBondGithub/ecen427/RealTimeClock/implementation/axi4lite_0_wrapper.ngc 1505502622
C:/Users/superman/Documents/TylerBondGithub/ecen427/RealTimeClock/implementation/microblaze_0_wrapper.ngc 1505502616
C:/Users/superman/Documents/TylerBondGithub/ecen427/RealTimeClock/implementation/microblaze_0_intc_wrapper.ngc 1505502475
C:/Users/superman/Documents/TylerBondGithub/ecen427/RealTimeClock/implementation/microblaze_0_i_bram_ctrl_wrapper.ngc 1505502484
C:/Users/superman/Documents/TylerBondGithub/ecen427/RealTimeClock/implementation/microblaze_0_d_bram_ctrl_wrapper.ngc 1505502493
C:/Users/superman/Documents/TylerBondGithub/ecen427/RealTimeClock/implementation/debug_module_wrapper.ngc 1505502553
C:/Users/superman/Documents/TylerBondGithub/ecen427/RealTimeClock/implementation/leds_8bits_wrapper.ngc 1505502593
C:/Users/superman/Documents/TylerBondGithub/ecen427/RealTimeClock/implementation/fit_timer_0_wrapper.ngc 1505502607
C:/Users/superman/Documents/TylerBondGithub/ecen427/RealTimeClock/implementation/microblaze_0_bram_block_wrapper.ngc 1505502498
OK
