
**** Build of configuration Debug for project SpaceInvaders ****

make all 
Building file: ../src/sounds.c
Invoking: MicroBlaze gcc compiler
mb-gcc -Wall -O0 -g3 -c -fmessage-length=0 -I../../hello_world_bsp_2/microblaze_0/include -mlittle-endian -mxl-barrel-shift -mxl-pattern-compare -mcpu=v8.20.b -mno-xl-soft-mul -MMD -MP -MF"src/sounds.d" -MT"src/sounds.d" -o"src/sounds.o" "../src/sounds.c"
../src/sounds.c: In function 'sounds_fillFifo':
../src/sounds.c:129: warning: implicit declaration of function 'xil_printf'
Finished building: ../src/sounds.c
' '
Building target: SpaceInvaders.elf
Invoking: MicroBlaze gcc linker
mb-gcc -Wl,-T -Wl,../src/lscript.ld -L../../hello_world_bsp_2/microblaze_0/lib -mlittle-endian -mxl-barrel-shift -mxl-pattern-compare -mcpu=v8.20.b -mno-xl-soft-mul -o"SpaceInvaders.elf"  ./src/aliens.o ./src/bullets.o ./src/bunkers.o ./src/counters.o ./src/globals.o ./src/platform.o ./src/render.o ./src/renderTest.o ./src/saucer.o ./src/sounds.o ./src/spaceInvadersMain.o ./src/xac97_l.o  ./src/soundfiles/UFOHighPitchSound.o ./src/soundfiles/UFOLowPitchSound.o ./src/soundfiles/alienKilledSound.o ./src/soundfiles/alienMoveSound1.o ./src/soundfiles/alienMoveSound2.o ./src/soundfiles/alienMoveSound3.o ./src/soundfiles/alienMoveSound4.o ./src/soundfiles/explosionSound.o ./src/soundfiles/sampleSound.o ./src/soundfiles/shootSound.o   -Wl,--start-group,-lxil,-lgcc,-lc,--end-group
Finished building target: SpaceInvaders.elf
' '
Invoking: MicroBlaze Print Size
mb-size SpaceInvaders.elf  |tee "SpaceInvaders.elf.size"
   text	   data	    bss	    dec	    hex	filename
 121156	 209864	   5548	 336568	  522b8	SpaceInvaders.elf
Finished building: SpaceInvaders.elf.size
' '
Invoking: Xilinx ELF Check
elfcheck SpaceInvaders.elf -hw ../../SpaceInvaders_hw_platform/system.xml -pe microblaze_0  |tee "SpaceInvaders.elf.elfcheck"
elfcheck
Xilinx EDK 13.4 Build EDK_O.87xd
Copyright (c) 1995-2011 Xilinx, Inc.  All rights reserved.

Command Line: elfcheck -hw ../../SpaceInvaders_hw_platform/system.xml -pe
microblaze_0 SpaceInvaders.elf 

ELF file	: SpaceInvaders.elf
elfcheck passed.
Finished building: SpaceInvaders.elf.elfcheck
' '
